// Jest Snapshot v1, https://goo.gl/fbAQLP

exports[`Base should render correctly 1`] = `
ShallowWrapper {
  Symbol(enzyme.__root__): [Circular],
  Symbol(enzyme.__unrendered__): <Base
    baseArray={Array []}
    onClick={[Function]}
/>,
  Symbol(enzyme.__renderer__): Object {
    "batchedUpdates": [Function],
    "checkPropTypes": [Function],
    "getNode": [Function],
    "render": [Function],
    "simulateError": [Function],
    "simulateEvent": [Function],
    "unmount": [Function],
  },
  Symbol(enzyme.__node__): Object {
    "instance": null,
    "key": undefined,
    "nodeType": "host",
    "props": Object {
      "children": Array [
        <div
          className="base"
>
          <TicTac
                    onClick={[Function]}
                    value={undefined}
          />
          <TicTac
                    onClick={[Function]}
                    value={undefined}
          />
          <TicTac
                    onClick={[Function]}
                    value={undefined}
          />
</div>,
        <div
          className="base"
>
          <TicTac
                    onClick={[Function]}
                    value={undefined}
          />
          <TicTac
                    onClick={[Function]}
                    value={undefined}
          />
          <TicTac
                    onClick={[Function]}
                    value={undefined}
          />
</div>,
        <div
          className="base"
>
          <TicTac
                    onClick={[Function]}
                    value={undefined}
          />
          <TicTac
                    onClick={[Function]}
                    value={undefined}
          />
          <TicTac
                    onClick={[Function]}
                    value={undefined}
          />
</div>,
      ],
    },
    "ref": null,
    "rendered": Array [
      Object {
        "instance": null,
        "key": undefined,
        "nodeType": "host",
        "props": Object {
          "children": Array [
            <TicTac
              onClick={[Function]}
              value={undefined}
/>,
            <TicTac
              onClick={[Function]}
              value={undefined}
/>,
            <TicTac
              onClick={[Function]}
              value={undefined}
/>,
          ],
          "className": "base",
        },
        "ref": null,
        "rendered": Array [
          Object {
            "instance": null,
            "key": undefined,
            "nodeType": "function",
            "props": Object {
              "onClick": [Function],
              "value": undefined,
            },
            "ref": null,
            "rendered": null,
            "type": [Function],
          },
          Object {
            "instance": null,
            "key": undefined,
            "nodeType": "function",
            "props": Object {
              "onClick": [Function],
              "value": undefined,
            },
            "ref": null,
            "rendered": null,
            "type": [Function],
          },
          Object {
            "instance": null,
            "key": undefined,
            "nodeType": "function",
            "props": Object {
              "onClick": [Function],
              "value": undefined,
            },
            "ref": null,
            "rendered": null,
            "type": [Function],
          },
        ],
        "type": "div",
      },
      Object {
        "instance": null,
        "key": undefined,
        "nodeType": "host",
        "props": Object {
          "children": Array [
            <TicTac
              onClick={[Function]}
              value={undefined}
/>,
            <TicTac
              onClick={[Function]}
              value={undefined}
/>,
            <TicTac
              onClick={[Function]}
              value={undefined}
/>,
          ],
          "className": "base",
        },
        "ref": null,
        "rendered": Array [
          Object {
            "instance": null,
            "key": undefined,
            "nodeType": "function",
            "props": Object {
              "onClick": [Function],
              "value": undefined,
            },
            "ref": null,
            "rendered": null,
            "type": [Function],
          },
          Object {
            "instance": null,
            "key": undefined,
            "nodeType": "function",
            "props": Object {
              "onClick": [Function],
              "value": undefined,
            },
            "ref": null,
            "rendered": null,
            "type": [Function],
          },
          Object {
            "instance": null,
            "key": undefined,
            "nodeType": "function",
            "props": Object {
              "onClick": [Function],
              "value": undefined,
            },
            "ref": null,
            "rendered": null,
            "type": [Function],
          },
        ],
        "type": "div",
      },
      Object {
        "instance": null,
        "key": undefined,
        "nodeType": "host",
        "props": Object {
          "children": Array [
            <TicTac
              onClick={[Function]}
              value={undefined}
/>,
            <TicTac
              onClick={[Function]}
              value={undefined}
/>,
            <TicTac
              onClick={[Function]}
              value={undefined}
/>,
          ],
          "className": "base",
        },
        "ref": null,
        "rendered": Array [
          Object {
            "instance": null,
            "key": undefined,
            "nodeType": "function",
            "props": Object {
              "onClick": [Function],
              "value": undefined,
            },
            "ref": null,
            "rendered": null,
            "type": [Function],
          },
          Object {
            "instance": null,
            "key": undefined,
            "nodeType": "function",
            "props": Object {
              "onClick": [Function],
              "value": undefined,
            },
            "ref": null,
            "rendered": null,
            "type": [Function],
          },
          Object {
            "instance": null,
            "key": undefined,
            "nodeType": "function",
            "props": Object {
              "onClick": [Function],
              "value": undefined,
            },
            "ref": null,
            "rendered": null,
            "type": [Function],
          },
        ],
        "type": "div",
      },
    ],
    "type": "div",
  },
  Symbol(enzyme.__nodes__): Array [
    Object {
      "instance": null,
      "key": undefined,
      "nodeType": "host",
      "props": Object {
        "children": Array [
          <div
            className="base"
>
            <TicTac
                        onClick={[Function]}
                        value={undefined}
            />
            <TicTac
                        onClick={[Function]}
                        value={undefined}
            />
            <TicTac
                        onClick={[Function]}
                        value={undefined}
            />
</div>,
          <div
            className="base"
>
            <TicTac
                        onClick={[Function]}
                        value={undefined}
            />
            <TicTac
                        onClick={[Function]}
                        value={undefined}
            />
            <TicTac
                        onClick={[Function]}
                        value={undefined}
            />
</div>,
          <div
            className="base"
>
            <TicTac
                        onClick={[Function]}
                        value={undefined}
            />
            <TicTac
                        onClick={[Function]}
                        value={undefined}
            />
            <TicTac
                        onClick={[Function]}
                        value={undefined}
            />
</div>,
        ],
      },
      "ref": null,
      "rendered": Array [
        Object {
          "instance": null,
          "key": undefined,
          "nodeType": "host",
          "props": Object {
            "children": Array [
              <TicTac
                onClick={[Function]}
                value={undefined}
/>,
              <TicTac
                onClick={[Function]}
                value={undefined}
/>,
              <TicTac
                onClick={[Function]}
                value={undefined}
/>,
            ],
            "className": "base",
          },
          "ref": null,
          "rendered": Array [
            Object {
              "instance": null,
              "key": undefined,
              "nodeType": "function",
              "props": Object {
                "onClick": [Function],
                "value": undefined,
              },
              "ref": null,
              "rendered": null,
              "type": [Function],
            },
            Object {
              "instance": null,
              "key": undefined,
              "nodeType": "function",
              "props": Object {
                "onClick": [Function],
                "value": undefined,
              },
              "ref": null,
              "rendered": null,
              "type": [Function],
            },
            Object {
              "instance": null,
              "key": undefined,
              "nodeType": "function",
              "props": Object {
                "onClick": [Function],
                "value": undefined,
              },
              "ref": null,
              "rendered": null,
              "type": [Function],
            },
          ],
          "type": "div",
        },
        Object {
          "instance": null,
          "key": undefined,
          "nodeType": "host",
          "props": Object {
            "children": Array [
              <TicTac
                onClick={[Function]}
                value={undefined}
/>,
              <TicTac
                onClick={[Function]}
                value={undefined}
/>,
              <TicTac
                onClick={[Function]}
                value={undefined}
/>,
            ],
            "className": "base",
          },
          "ref": null,
          "rendered": Array [
            Object {
              "instance": null,
              "key": undefined,
              "nodeType": "function",
              "props": Object {
                "onClick": [Function],
                "value": undefined,
              },
              "ref": null,
              "rendered": null,
              "type": [Function],
            },
            Object {
              "instance": null,
              "key": undefined,
              "nodeType": "function",
              "props": Object {
                "onClick": [Function],
                "value": undefined,
              },
              "ref": null,
              "rendered": null,
              "type": [Function],
            },
            Object {
              "instance": null,
              "key": undefined,
              "nodeType": "function",
              "props": Object {
                "onClick": [Function],
                "value": undefined,
              },
              "ref": null,
              "rendered": null,
              "type": [Function],
            },
          ],
          "type": "div",
        },
        Object {
          "instance": null,
          "key": undefined,
          "nodeType": "host",
          "props": Object {
            "children": Array [
              <TicTac
                onClick={[Function]}
                value={undefined}
/>,
              <TicTac
                onClick={[Function]}
                value={undefined}
/>,
              <TicTac
                onClick={[Function]}
                value={undefined}
/>,
            ],
            "className": "base",
          },
          "ref": null,
          "rendered": Array [
            Object {
              "instance": null,
              "key": undefined,
              "nodeType": "function",
              "props": Object {
                "onClick": [Function],
                "value": undefined,
              },
              "ref": null,
              "rendered": null,
              "type": [Function],
            },
            Object {
              "instance": null,
              "key": undefined,
              "nodeType": "function",
              "props": Object {
                "onClick": [Function],
                "value": undefined,
              },
              "ref": null,
              "rendered": null,
              "type": [Function],
            },
            Object {
              "instance": null,
              "key": undefined,
              "nodeType": "function",
              "props": Object {
                "onClick": [Function],
                "value": undefined,
              },
              "ref": null,
              "rendered": null,
              "type": [Function],
            },
          ],
          "type": "div",
        },
      ],
      "type": "div",
    },
  ],
  Symbol(enzyme.__options__): Object {
    "adapter": ReactSixteenAdapter {
      "options": Object {
        "enableComponentDidUpdateOnSetState": true,
        "legacyContextMode": "parent",
        "lifecycles": Object {
          "componentDidUpdate": Object {
            "onSetState": true,
          },
          "getChildContext": Object {
            "calledByRenderer": false,
          },
          "getDerivedStateFromProps": true,
          "getSnapshotBeforeUpdate": true,
          "setState": Object {
            "skipsComponentDidUpdateOnNullish": true,
          },
        },
      },
    },
  },
  Symbol(enzyme.__childContext__): null,
}
`;
